version: '2.1'

aliases:  
    docker:
      - image: drevops/ci-runner:__VERSION__
    docker2:
      - image: drevops/ci-runner:canaryafter
    docker3:
      - image: drevops/ci-runner:beforecanary
    docker4:
      - image: drevops/ci-runner:beforecanaryafter
 
